Archive member included to satisfy reference by file (symbol)

c:/program files (x86)/stm32cubeide_1.10.1/stm32cubeide/plugins/com.st.stm32cube.ide.mcu.externaltools.gnu-tools-for-stm32.10.3-2021.10.win32_1.0.0.202111181127/tools/bin/../lib/gcc/arm-none-eabi/10.3.1/../../../../arm-none-eabi/lib/thumb/v7e-m+fp/hard\libc_nano.a(lib_a-errno.o)
                              ./Core/Src/syscalls.o (__errno)
c:/program files (x86)/stm32cubeide_1.10.1/stm32cubeide/plugins/com.st.stm32cube.ide.mcu.externaltools.gnu-tools-for-stm32.10.3-2021.10.win32_1.0.0.202111181127/tools/bin/../lib/gcc/arm-none-eabi/10.3.1/../../../../arm-none-eabi/lib/thumb/v7e-m+fp/hard\libc_nano.a(lib_a-exit.o)
                              c:/program files (x86)/stm32cubeide_1.10.1/stm32cubeide/plugins/com.st.stm32cube.ide.mcu.externaltools.gnu-tools-for-stm32.10.3-2021.10.win32_1.0.0.202111181127/tools/bin/../lib/gcc/arm-none-eabi/10.3.1/../../../../arm-none-eabi/lib/thumb/v7e-m+fp/hard/crt0.o (exit)
c:/program files (x86)/stm32cubeide_1.10.1/stm32cubeide/plugins/com.st.stm32cube.ide.mcu.externaltools.gnu-tools-for-stm32.10.3-2021.10.win32_1.0.0.202111181127/tools/bin/../lib/gcc/arm-none-eabi/10.3.1/../../../../arm-none-eabi/lib/thumb/v7e-m+fp/hard\libc_nano.a(lib_a-impure.o)
                              c:/program files (x86)/stm32cubeide_1.10.1/stm32cubeide/plugins/com.st.stm32cube.ide.mcu.externaltools.gnu-tools-for-stm32.10.3-2021.10.win32_1.0.0.202111181127/tools/bin/../lib/gcc/arm-none-eabi/10.3.1/../../../../arm-none-eabi/lib/thumb/v7e-m+fp/hard\libc_nano.a(lib_a-exit.o) (_global_impure_ptr)
c:/program files (x86)/stm32cubeide_1.10.1/stm32cubeide/plugins/com.st.stm32cube.ide.mcu.externaltools.gnu-tools-for-stm32.10.3-2021.10.win32_1.0.0.202111181127/tools/bin/../lib/gcc/arm-none-eabi/10.3.1/../../../../arm-none-eabi/lib/thumb/v7e-m+fp/hard\libc_nano.a(lib_a-init.o)
                              c:/program files (x86)/stm32cubeide_1.10.1/stm32cubeide/plugins/com.st.stm32cube.ide.mcu.externaltools.gnu-tools-for-stm32.10.3-2021.10.win32_1.0.0.202111181127/tools/bin/../lib/gcc/arm-none-eabi/10.3.1/../../../../arm-none-eabi/lib/thumb/v7e-m+fp/hard/crt0.o (__libc_init_array)
c:/program files (x86)/stm32cubeide_1.10.1/stm32cubeide/plugins/com.st.stm32cube.ide.mcu.externaltools.gnu-tools-for-stm32.10.3-2021.10.win32_1.0.0.202111181127/tools/bin/../lib/gcc/arm-none-eabi/10.3.1/../../../../arm-none-eabi/lib/thumb/v7e-m+fp/hard\libc_nano.a(lib_a-memset.o)
                              c:/program files (x86)/stm32cubeide_1.10.1/stm32cubeide/plugins/com.st.stm32cube.ide.mcu.externaltools.gnu-tools-for-stm32.10.3-2021.10.win32_1.0.0.202111181127/tools/bin/../lib/gcc/arm-none-eabi/10.3.1/../../../../arm-none-eabi/lib/thumb/v7e-m+fp/hard/crt0.o (memset)
c:/program files (x86)/stm32cubeide_1.10.1/stm32cubeide/plugins/com.st.stm32cube.ide.mcu.externaltools.gnu-tools-for-stm32.10.3-2021.10.win32_1.0.0.202111181127/tools/bin/../lib/gcc/arm-none-eabi/10.3.1/../../../../arm-none-eabi/lib/thumb/v7e-m+fp/hard\libc_nano.a(lib_a-strlen.o)
                              ./Core/Src/fonts.o (strlen)
c:/program files (x86)/stm32cubeide_1.10.1/stm32cubeide/plugins/com.st.stm32cube.ide.mcu.externaltools.gnu-tools-for-stm32.10.3-2021.10.win32_1.0.0.202111181127/tools/bin/../lib/gcc/arm-none-eabi/10.3.1/thumb/v7e-m+fp/hard\libgcc.a(_aeabi_uldivmod.o)
                              ./Drivers/STM32F4xx_HAL_Driver/Src/stm32f4xx_hal_rcc.o (__aeabi_uldivmod)
c:/program files (x86)/stm32cubeide_1.10.1/stm32cubeide/plugins/com.st.stm32cube.ide.mcu.externaltools.gnu-tools-for-stm32.10.3-2021.10.win32_1.0.0.202111181127/tools/bin/../lib/gcc/arm-none-eabi/10.3.1/thumb/v7e-m+fp/hard\libgcc.a(_udivmoddi4.o)
                              c:/program files (x86)/stm32cubeide_1.10.1/stm32cubeide/plugins/com.st.stm32cube.ide.mcu.externaltools.gnu-tools-for-stm32.10.3-2021.10.win32_1.0.0.202111181127/tools/bin/../lib/gcc/arm-none-eabi/10.3.1/thumb/v7e-m+fp/hard\libgcc.a(_aeabi_uldivmod.o) (__udivmoddi4)
c:/program files (x86)/stm32cubeide_1.10.1/stm32cubeide/plugins/com.st.stm32cube.ide.mcu.externaltools.gnu-tools-for-stm32.10.3-2021.10.win32_1.0.0.202111181127/tools/bin/../lib/gcc/arm-none-eabi/10.3.1/thumb/v7e-m+fp/hard\libgcc.a(_dvmd_tls.o)
                              c:/program files (x86)/stm32cubeide_1.10.1/stm32cubeide/plugins/com.st.stm32cube.ide.mcu.externaltools.gnu-tools-for-stm32.10.3-2021.10.win32_1.0.0.202111181127/tools/bin/../lib/gcc/arm-none-eabi/10.3.1/thumb/v7e-m+fp/hard\libgcc.a(_aeabi_uldivmod.o) (__aeabi_ldiv0)

Discarded input sections

 .text          0x0000000000000000        0x0 c:/program files (x86)/stm32cubeide_1.10.1/stm32cubeide/plugins/com.st.stm32cube.ide.mcu.externaltools.gnu-tools-for-stm32.10.3-2021.10.win32_1.0.0.202111181127/tools/bin/../lib/gcc/arm-none-eabi/10.3.1/thumb/v7e-m+fp/hard/crti.o
[...]
Memory Configuration

Name             Origin             Length             Attributes
RAM              0x0000000020000000 0x0000000000020000 xrw
FLASH            0x0000000008000000 0x0000000000080000 xr
*default*        0x0000000000000000 0xffffffffffffffff

Linker script and memory map

LOAD c:/program files (x86)/stm32cubeide_1.10.1/stm32cubeide/plugins/com.st.stm32cube.ide.mcu.externaltools.gnu-tools-for-stm32.10.3-2021.10.win32_1.0.0.202111181127/tools/bin/../lib/gcc/arm-none-eabi/10.3.1/thumb/v7e-m+fp/hard/crti.o
LOAD c:/program files (x86)/stm32cubeide_1.10.1/stm32cubeide/plugins/com.st.stm32cube.ide.mcu.externaltools.gnu-tools-for-stm32.10.3-2021.10.win32_1.0.0.202111181127/tools/bin/../lib/gcc/arm-none-eabi/10.3.1/thumb/v7e-m+fp/hard/crtbegin.o
LOAD c:/program files (x86)/stm32cubeide_1.10.1/stm32cubeide/plugins/com.st.stm32cube.ide.mcu.externaltools.gnu-tools-for-stm32.10.3-2021.10.win32_1.0.0.202111181127/tools/bin/../lib/gcc/arm-none-eabi/10.3.1/../../../../arm-none-eabi/lib/thumb/v7e-m+fp/hard/crt0.o
LOAD ./Core/Src/SSD1306_OLED.o
LOAD ./Core/Src/delay.o
LOAD ./Core/Src/demo_test.o
LOAD ./Core/Src/fonts.o
LOAD ./Core/Src/i2c.o
LOAD ./Core/Src/main.o
LOAD ./Core/Src/stm32f4xx_hal_msp.o
LOAD ./Core/Src/stm32f4xx_it.o
LOAD ./Core/Src/syscalls.o
LOAD ./Core/Src/sysmem.o
LOAD ./Core/Src/system_stm32f4xx.o
LOAD ./Core/Startup/startup_stm32f411retx.o
LOAD ./Drivers/STM32F4xx_HAL_Driver/Src/stm32f4xx_hal.o
LOAD ./Drivers/STM32F4xx_HAL_Driver/Src/stm32f4xx_hal_cortex.o
LOAD ./Drivers/STM32F4xx_HAL_Driver/Src/stm32f4xx_hal_dma.o
LOAD ./Drivers/STM32F4xx_HAL_Driver/Src/stm32f4xx_hal_dma_ex.o
LOAD ./Drivers/STM32F4xx_HAL_Driver/Src/stm32f4xx_hal_exti.o
LOAD ./Drivers/STM32F4xx_HAL_Driver/Src/stm32f4xx_hal_flash.o
LOAD ./Drivers/STM32F4xx_HAL_Driver/Src/stm32f4xx_hal_flash_ex.o
LOAD ./Drivers/STM32F4xx_HAL_Driver/Src/stm32f4xx_hal_flash_ramfunc.o
LOAD ./Drivers/STM32F4xx_HAL_Driver/Src/stm32f4xx_hal_gpio.o
LOAD ./Drivers/STM32F4xx_HAL_Driver/Src/stm32f4xx_hal_i2c.o
LOAD ./Drivers/STM32F4xx_HAL_Driver/Src/stm32f4xx_hal_i2c_ex.o
LOAD ./Drivers/STM32F4xx_HAL_Driver/Src/stm32f4xx_hal_pwr.o
LOAD ./Drivers/STM32F4xx_HAL_Driver/Src/stm32f4xx_hal_pwr_ex.o
LOAD ./Drivers/STM32F4xx_HAL_Driver/Src/stm32f4xx_hal_rcc.o
LOAD ./Drivers/STM32F4xx_HAL_Driver/Src/stm32f4xx_hal_rcc_ex.o
START GROUP
LOAD c:/program files (x86)/stm32cubeide_1.10.1/stm32cubeide/plugins/com.st.stm32cube.ide.mcu.externaltools.gnu-tools-for-stm32.10.3-2021.10.win32_1.0.0.202111181127/tools/bin/../lib/gcc/arm-none-eabi/10.3.1/../../../../arm-none-eabi/lib/thumb/v7e-m+fp/hard\libc_nano.a
LOAD c:/program files (x86)/stm32cubeide_1.10.1/stm32cubeide/plugins/com.st.stm32cube.ide.mcu.externaltools.gnu-tools-for-stm32.10.3-2021.10.win32_1.0.0.202111181127/tools/bin/../lib/gcc/arm-none-eabi/10.3.1/../../../../arm-none-eabi/lib/thumb/v7e-m+fp/hard\libm.a
END GROUP
START GROUP
LOAD c:/program files (x86)/stm32cubeide_1.10.1/stm32cubeide/plugins/com.st.stm32cube.ide.mcu.externaltools.gnu-tools-for-stm32.10.3-2021.10.win32_1.0.0.202111181127/tools/bin/../lib/gcc/arm-none-eabi/10.3.1/thumb/v7e-m+fp/hard\libgcc.a
LOAD c:/program files (x86)/stm32cubeide_1.10.1/stm32cubeide/plugins/com.st.stm32cube.ide.mcu.externaltools.gnu-tools-for-stm32.10.3-2021.10.win32_1.0.0.202111181127/tools/bin/../lib/gcc/arm-none-eabi/10.3.1/../../../../arm-none-eabi/lib/thumb/v7e-m+fp/hard\libc_nano.a
END GROUP
START GROUP
LOAD c:/program files (x86)/stm32cubeide_1.10.1/stm32cubeide/plugins/com.st.stm32cube.ide.mcu.externaltools.gnu-tools-for-stm32.10.3-2021.10.win32_1.0.0.202111181127/tools/bin/../lib/gcc/arm-none-eabi/10.3.1/thumb/v7e-m+fp/hard\libgcc.a
LOAD c:/program files (x86)/stm32cubeide_1.10.1/stm32cubeide/plugins/com.st.stm32cube.ide.mcu.externaltools.gnu-tools-for-stm32.10.3-2021.10.win32_1.0.0.202111181127/tools/bin/../lib/gcc/arm-none-eabi/10.3.1/../../../../arm-none-eabi/lib/thumb/v7e-m+fp/hard\libc_nano.a
LOAD c:/program files (x86)/stm32cubeide_1.10.1/stm32cubeide/plugins/com.st.stm32cube.ide.mcu.externaltools.gnu-tools-for-stm32.10.3-2021.10.win32_1.0.0.202111181127/tools/bin/../lib/gcc/arm-none-eabi/10.3.1/../../../../arm-none-eabi/lib/thumb/v7e-m+fp/hard\libnosys.a
END GROUP
START GROUP
LOAD c:/program files (x86)/stm32cubeide_1.10.1/stm32cubeide/plugins/com.st.stm32cube.ide.mcu.externaltools.gnu-tools-for-stm32.10.3-2021.10.win32_1.0.0.202111181127/tools/bin/../lib/gcc/arm-none-eabi/10.3.1/thumb/v7e-m+fp/hard\libgcc.a
LOAD c:/program files (x86)/stm32cubeide_1.10.1/stm32cubeide/plugins/com.st.stm32cube.ide.mcu.externaltools.gnu-tools-for-stm32.10.3-2021.10.win32_1.0.0.202111181127/tools/bin/../lib/gcc/arm-none-eabi/10.3.1/../../../../arm-none-eabi/lib/thumb/v7e-m+fp/hard\libc_nano.a
LOAD c:/program files (x86)/stm32cubeide_1.10.1/stm32cubeide/plugins/com.st.stm32cube.ide.mcu.externaltools.gnu-tools-for-stm32.10.3-2021.10.win32_1.0.0.202111181127/tools/bin/../lib/gcc/arm-none-eabi/10.3.1/../../../../arm-none-eabi/lib/thumb/v7e-m+fp/hard\libnosys.a
END GROUP
LOAD c:/program files (x86)/stm32cubeide_1.10.1/stm32cubeide/plugins/com.st.stm32cube.ide.mcu.externaltools.gnu-tools-for-stm32.10.3-2021.10.win32_1.0.0.202111181127/tools/bin/../lib/gcc/arm-none-eabi/10.3.1/thumb/v7e-m+fp/hard/crtend.o
LOAD c:/program files (x86)/stm32cubeide_1.10.1/stm32cubeide/plugins/com.st.stm32cube.ide.mcu.externaltools.gnu-tools-for-stm32.10.3-2021.10.win32_1.0.0.202111181127/tools/bin/../lib/gcc/arm-none-eabi/10.3.1/thumb/v7e-m+fp/hard/crtn.o
                0x0000000020020000                _estack = (ORIGIN (RAM) + LENGTH (RAM))
                0x0000000000000200                _Min_Heap_Size = 0x200
                0x0000000000000400                _Min_Stack_Size = 0x400

.isr_vector     0x0000000008000000      0x198
                0x0000000008000000                . = ALIGN (0x4)
 *(.isr_vector)
 .isr_vector    0x0000000008000000      0x198 ./Core/Startup/startup_stm32f411retx.o
                0x0000000008000000                g_pfnVectors
                0x0000000008000198                . = ALIGN (0x4)

.text           0x0000000008000198     0x21d0
                0x0000000008000198                . = ALIGN (0x4)
 *(.text)
 .text          0x0000000008000198       0x40 c:/program files (x86)/stm32cubeide_1.10.1/stm32cubeide/plugins/com.st.stm32cube.ide.mcu.externaltools.gnu-tools-for-stm32.10.3-2021.10.win32_1.0.0.202111181127/tools/bin/../lib/gcc/arm-none-eabi/10.3.1/thumb/v7e-m+fp/hard/crtbegin.o
 .text          0x00000000080001d8       0x30 c:/program files (x86)/stm32cubeide_1.10.1/stm32cubeide/plugins/com.st.stm32cube.ide.mcu.externaltools.gnu-tools-for-stm32.10.3-2021.10.win32_1.0.0.202111181127/tools/bin/../lib/gcc/arm-none-eabi/10.3.1/thumb/v7e-m+fp/hard\libgcc.a(_aeabi_uldivmod.o)
                0x00000000080001d8                __aeabi_uldivmod
 .text          0x0000000008000208      0x2d0 c:/program files (x86)/stm32cubeide_1.10.1/stm32cubeide/plugins/com.st.stm32cube.ide.mcu.externaltools.gnu-tools-for-stm32.10.3-2021.10.win32_1.0.0.202111181127/tools/bin/../lib/gcc/arm-none-eabi/10.3.1/thumb/v7e-m+fp/hard\libgcc.a(_udivmoddi4.o)
                0x0000000008000208                __udivmoddi4
 .text          0x00000000080004d8        0x4 c:/program files (x86)/stm32cubeide_1.10.1/stm32cubeide/plugins/com.st.stm32cube.ide.mcu.externaltools.gnu-tools-for-stm32.10.3-2021.10.win32_1.0.0.202111181127/tools/bin/../lib/gcc/arm-none-eabi/10.3.1/thumb/v7e-m+fp/hard\libgcc.a(_dvmd_tls.o)
                0x00000000080004d8                __aeabi_idiv0
                0x00000000080004d8                __aeabi_ldiv0
 *(.text*)
 .text.SSD1306_ScrollRight
                0x00000000080004dc       0x6c ./Core/Src/SSD1306_OLED.o
                0x00000000080004dc                SSD1306_ScrollRight
 .text.SSD1306_ScrollLeft
                0x0000000008000548       0x6c ./Core/Src/SSD1306_OLED.o
                0x0000000008000548                SSD1306_ScrollLeft
 .text.SSD1306_Stopscroll
                0x00000000080005b4       0x12 ./Core/Src/SSD1306_OLED.o
                0x00000000080005b4                SSD1306_Stopscroll
 .text.SSD1306_InvertDisplay
                0x00000000080005c6       0x2c ./Core/Src/SSD1306_OLED.o
                0x00000000080005c6                SSD1306_InvertDisplay
 .text.SSD1306_DrawBitmap
                0x00000000080005f2       0xd0 ./Core/Src/SSD1306_OLED.o
                0x00000000080005f2                SSD1306_DrawBitmap
 *fill*         0x00000000080006c2        0x2 
 .text.SSD1306_Init
                0x00000000080006c4      0x170 ./Core/Src/SSD1306_OLED.o
                0x00000000080006c4                SSD1306_Init
 .text.SSD1306_UpdateScreen
                0x0000000008000834       0x5c ./Core/Src/SSD1306_OLED.o
                0x0000000008000834                SSD1306_UpdateScreen
 .text.SSD1306_Fill
                0x0000000008000890       0x30 ./Core/Src/SSD1306_OLED.o
                0x0000000008000890                SSD1306_Fill
 .text.SSD1306_DrawPixel
                0x00000000080008c0       0xc0 ./Core/Src/SSD1306_OLED.o
                0x00000000080008c0                SSD1306_DrawPixel
 .text.SSD1306_GotoXY
                0x0000000008000980       0x2c ./Core/Src/SSD1306_OLED.o
                0x0000000008000980                SSD1306_GotoXY
 .text.SSD1306_Putc
                0x00000000080009ac      0x100 ./Core/Src/SSD1306_OLED.o
                0x00000000080009ac                SSD1306_Putc
 .text.SSD1306_Puts
                0x0000000008000aac       0x4a ./Core/Src/SSD1306_OLED.o
                0x0000000008000aac                SSD1306_Puts
 .text.SSD1306_Clear
                0x0000000008000af6       0x12 ./Core/Src/SSD1306_OLED.o
                0x0000000008000af6                SSD1306_Clear
 .text.ssd1306_I2C_Init
                0x0000000008000b08       0x2c ./Core/Src/SSD1306_OLED.o
                0x0000000008000b08                ssd1306_I2C_Init
 .text.ssd1306_I2C_WriteMulti
                0x0000000008000b34       0xba ./Core/Src/SSD1306_OLED.o
                0x0000000008000b34                ssd1306_I2C_WriteMulti
 *fill*         0x0000000008000bee        0x2 
 .text.i2c_init
                0x0000000008000bf0       0x98 ./Core/Src/i2c.o
                0x0000000008000bf0                i2c_init
 .text.i2c_writeByte
                0x0000000008000c88       0xa8 ./Core/Src/i2c.o
                0x0000000008000c88                i2c_writeByte
 .text.i2c_WriteMulti
                0x0000000008000d30       0xc8 ./Core/Src/i2c.o
                0x0000000008000d30                i2c_WriteMulti
 .text.main     0x0000000008000df8       0xec ./Core/Src/main.o
                0x0000000008000df8                main
 .text.SystemClock_Config
                0x0000000008000ee4       0xbc ./Core/Src/main.o
                0x0000000008000ee4                SystemClock_Config
 .text.MX_I2C1_Init
                0x0000000008000fa0       0x5c ./Core/Src/main.o
 .text.MX_GPIO_Init
                0x0000000008000ffc       0x34 ./Core/Src/main.o
 .text.Error_Handler
                0x0000000008001030        0xa ./Core/Src/main.o
                0x0000000008001030                Error_Handler
 *fill*         0x000000000800103a        0x2 
 .text.HAL_MspInit
                0x000000000800103c       0x50 ./Core/Src/stm32f4xx_hal_msp.o
                0x000000000800103c                HAL_MspInit
 .text.HAL_I2C_MspInit
                0x000000000800108c       0x90 ./Core/Src/stm32f4xx_hal_msp.o
                0x000000000800108c                HAL_I2C_MspInit
 .text.NMI_Handler
                0x000000000800111c        0x6 ./Core/Src/stm32f4xx_it.o
                0x000000000800111c                NMI_Handler
 .text.HardFault_Handler
                0x0000000008001122        0x6 ./Core/Src/stm32f4xx_it.o
                0x0000000008001122                HardFault_Handler
 .text.MemManage_Handler
                0x0000000008001128        0x6 ./Core/Src/stm32f4xx_it.o
                0x0000000008001128                MemManage_Handler
 .text.BusFault_Handler
                0x000000000800112e        0x6 ./Core/Src/stm32f4xx_it.o
                0x000000000800112e                BusFault_Handler
 .text.UsageFault_Handler
                0x0000000008001134        0x6 ./Core/Src/stm32f4xx_it.o
                0x0000000008001134                UsageFault_Handler
 .text.SVC_Handler
                0x000000000800113a        0xe ./Core/Src/stm32f4xx_it.o
                0x000000000800113a                SVC_Handler
 .text.DebugMon_Handler
                0x0000000008001148        0xe ./Core/Src/stm32f4xx_it.o
                0x0000000008001148                DebugMon_Handler
 .text.PendSV_Handler
                0x0000000008001156        0xe ./Core/Src/stm32f4xx_it.o
                0x0000000008001156                PendSV_Handler
 .text.SysTick_Handler
                0x0000000008001164        0xc ./Core/Src/stm32f4xx_it.o
                0x0000000008001164                SysTick_Handler
 .text.SystemInit
                0x0000000008001170       0x24 ./Core/Src/system_stm32f4xx.o
                0x0000000008001170                SystemInit
 .text.Reset_Handler
                0x0000000008001194       0x50 ./Core/Startup/startup_stm32f411retx.o
                0x0000000008001194                Reset_Handler
 .text.Default_Handler
                0x00000000080011e4        0x2 ./Core/Startup/startup_stm32f411retx.o
                0x00000000080011e4                RTC_Alarm_IRQHandler
                0x00000000080011e4                EXTI2_IRQHandler
                0x00000000080011e4                SPI4_IRQHandler
                0x00000000080011e4                TIM1_CC_IRQHandler
                0x00000000080011e4                DMA2_Stream5_IRQHandler
                0x00000000080011e4                DMA1_Stream5_IRQHandler
                0x00000000080011e4                PVD_IRQHandler
                0x00000000080011e4                SDIO_IRQHandler
                0x00000000080011e4                TAMP_STAMP_IRQHandler
                0x00000000080011e4                EXTI3_IRQHandler
                0x00000000080011e4                TIM1_UP_TIM10_IRQHandler
                0x00000000080011e4                I2C3_ER_IRQHandler
                0x00000000080011e4                EXTI0_IRQHandler
                0x00000000080011e4                I2C2_EV_IRQHandler
                0x00000000080011e4                DMA1_Stream2_IRQHandler
                0x00000000080011e4                FPU_IRQHandler
                0x00000000080011e4                DMA2_Stream2_IRQHandler
                0x00000000080011e4                SPI1_IRQHandler
                0x00000000080011e4                TIM1_BRK_TIM9_IRQHandler
                0x00000000080011e4                DMA2_Stream3_IRQHandler
                0x00000000080011e4                USART6_IRQHandler
                0x00000000080011e4                DMA2_Stream0_IRQHandler
                0x00000000080011e4                TIM4_IRQHandler
                0x00000000080011e4                I2C1_EV_IRQHandler
                0x00000000080011e4                DMA1_Stream6_IRQHandler
                0x00000000080011e4                DMA1_Stream1_IRQHandler
                0x00000000080011e4                TIM3_IRQHandler
                0x00000000080011e4                RCC_IRQHandler
                0x00000000080011e4                Default_Handler
                0x00000000080011e4                EXTI15_10_IRQHandler
                0x00000000080011e4                ADC_IRQHandler
                0x00000000080011e4                DMA1_Stream7_IRQHandler
                0x00000000080011e4                SPI5_IRQHandler
                0x00000000080011e4                TIM5_IRQHandler
                0x00000000080011e4                DMA2_Stream7_IRQHandler
                0x00000000080011e4                I2C3_EV_IRQHandler
                0x00000000080011e4                EXTI9_5_IRQHandler
                0x00000000080011e4                RTC_WKUP_IRQHandler
                0x00000000080011e4                SPI2_IRQHandler
                0x00000000080011e4                DMA1_Stream0_IRQHandler
                0x00000000080011e4                EXTI4_IRQHandler
                0x00000000080011e4                WWDG_IRQHandler
                0x00000000080011e4                TIM2_IRQHandler
                0x00000000080011e4                OTG_FS_WKUP_IRQHandler
                0x00000000080011e4                TIM1_TRG_COM_TIM11_IRQHandler
                0x00000000080011e4                EXTI1_IRQHandler
                0x00000000080011e4                USART2_IRQHandler
                0x00000000080011e4                I2C2_ER_IRQHandler
                0x00000000080011e4                DMA2_Stream1_IRQHandler
                0x00000000080011e4                FLASH_IRQHandler
                0x00000000080011e4                DMA2_Stream4_IRQHandler
                0x00000000080011e4                USART1_IRQHandler
                0x00000000080011e4                OTG_FS_IRQHandler
                0x00000000080011e4                SPI3_IRQHandler
                0x00000000080011e4                DMA1_Stream4_IRQHandler
                0x00000000080011e4                I2C1_ER_IRQHandler
                0x00000000080011e4                DMA2_Stream6_IRQHandler
                0x00000000080011e4                DMA1_Stream3_IRQHandler
 *fill*         0x00000000080011e6        0x2 
 .text.HAL_Init
                0x00000000080011e8       0x44 ./Drivers/STM32F4xx_HAL_Driver/Src/stm32f4xx_hal.o
                0x00000000080011e8                HAL_Init
 .text.HAL_InitTick
                0x000000000800122c       0x60 ./Drivers/STM32F4xx_HAL_Driver/Src/stm32f4xx_hal.o
                0x000000000800122c                HAL_InitTick
 .text.HAL_IncTick
                0x000000000800128c       0x28 ./Drivers/STM32F4xx_HAL_Driver/Src/stm32f4xx_hal.o
                0x000000000800128c                HAL_IncTick
 .text.HAL_GetTick
                0x00000000080012b4       0x18 ./Drivers/STM32F4xx_HAL_Driver/Src/stm32f4xx_hal.o
                0x00000000080012b4                HAL_GetTick
 .text.HAL_Delay
                0x00000000080012cc       0x48 ./Drivers/STM32F4xx_HAL_Driver/Src/stm32f4xx_hal.o
                0x00000000080012cc                HAL_Delay
 .text.__NVIC_SetPriorityGrouping
                0x0000000008001314       0x48 ./Drivers/STM32F4xx_HAL_Driver/Src/stm32f4xx_hal_cortex.o
 .text.__NVIC_GetPriorityGrouping
                0x000000000800135c       0x1c ./Drivers/STM32F4xx_HAL_Driver/Src/stm32f4xx_hal_cortex.o
 .text.__NVIC_SetPriority
                0x0000000008001378       0x54 ./Drivers/STM32F4xx_HAL_Driver/Src/stm32f4xx_hal_cortex.o
 .text.NVIC_EncodePriority
                0x00000000080013cc       0x66 ./Drivers/STM32F4xx_HAL_Driver/Src/stm32f4xx_hal_cortex.o
 *fill*         0x0000000008001432        0x2 
 .text.SysTick_Config
                0x0000000008001434       0x44 ./Drivers/STM32F4xx_HAL_Driver/Src/stm32f4xx_hal_cortex.o
 .text.HAL_NVIC_SetPriorityGrouping
                0x0000000008001478       0x16 ./Drivers/STM32F4xx_HAL_Driver/Src/stm32f4xx_hal_cortex.o
                0x0000000008001478                HAL_NVIC_SetPriorityGrouping
 .text.HAL_NVIC_SetPriority
                0x000000000800148e       0x38 ./Drivers/STM32F4xx_HAL_Driver/Src/stm32f4xx_hal_cortex.o
                0x000000000800148e                HAL_NVIC_SetPriority
 .text.HAL_SYSTICK_Config
                0x00000000080014c6       0x18 ./Drivers/STM32F4xx_HAL_Driver/Src/stm32f4xx_hal_cortex.o
                0x00000000080014c6                HAL_SYSTICK_Config
 *fill*         0x00000000080014de        0x2 
 .text.HAL_GPIO_Init
                0x00000000080014e0      0x308 ./Drivers/STM32F4xx_HAL_Driver/Src/stm32f4xx_hal_gpio.o
                0x00000000080014e0                HAL_GPIO_Init
 .text.HAL_I2C_Init
                0x00000000080017e8      0x288 ./Drivers/STM32F4xx_HAL_Driver/Src/stm32f4xx_hal_i2c.o
                0x00000000080017e8                HAL_I2C_Init
 .text.HAL_RCC_OscConfig
                0x0000000008001a70      0x4f0 ./Drivers/STM32F4xx_HAL_Driver/Src/stm32f4xx_hal_rcc.o
                0x0000000008001a70                HAL_RCC_OscConfig
 .text.HAL_RCC_ClockConfig
                0x0000000008001f60      0x1cc ./Drivers/STM32F4xx_HAL_Driver/Src/stm32f4xx_hal_rcc.o
                0x0000000008001f60                HAL_RCC_ClockConfig
 .text.HAL_RCC_GetSysClockFreq
                0x000000000800212c      0x18c ./Drivers/STM32F4xx_HAL_Driver/Src/stm32f4xx_hal_rcc.o
                0x000000000800212c                HAL_RCC_GetSysClockFreq
 .text.HAL_RCC_GetHCLKFreq
                0x00000000080022b8       0x18 ./Drivers/STM32F4xx_HAL_Driver/Src/stm32f4xx_hal_rcc.o
                0x00000000080022b8                HAL_RCC_GetHCLKFreq
 .text.HAL_RCC_GetPCLK1Freq
                0x00000000080022d0       0x28 ./Drivers/STM32F4xx_HAL_Driver/Src/stm32f4xx_hal_rcc.o
                0x00000000080022d0                HAL_RCC_GetPCLK1Freq
 .text.__libc_init_array
                0x00000000080022f8       0x48 c:/program files (x86)/stm32cubeide_1.10.1/stm32cubeide/plugins/com.st.stm32cube.ide.mcu.externaltools.gnu-tools-for-stm32.10.3-2021.10.win32_1.0.0.202111181127/tools/bin/../lib/gcc/arm-none-eabi/10.3.1/../../../../arm-none-eabi/lib/thumb/v7e-m+fp/hard\libc_nano.a(lib_a-init.o)
                0x00000000080022f8                __libc_init_array
 .text.memset   0x0000000008002340       0x10 c:/program files (x86)/stm32cubeide_1.10.1/stm32cubeide/plugins/com.st.stm32cube.ide.mcu.externaltools.gnu-tools-for-stm32.10.3-2021.10.win32_1.0.0.202111181127/tools/bin/../lib/gcc/arm-none-eabi/10.3.1/../../../../arm-none-eabi/lib/thumb/v7e-m+fp/hard\libc_nano.a(lib_a-memset.o)
                0x0000000008002340                memset
 *(.glue_7)
 .glue_7        0x0000000008002350        0x0 linker stubs
 *(.glue_7t)
 .glue_7t       0x0000000008002350        0x0 linker stubs
 *(.eh_frame)
 .eh_frame      0x0000000008002350        0x0 c:/program files (x86)/stm32cubeide_1.10.1/stm32cubeide/plugins/com.st.stm32cube.ide.mcu.externaltools.gnu-tools-for-stm32.10.3-2021.10.win32_1.0.0.202111181127/tools/bin/../lib/gcc/arm-none-eabi/10.3.1/thumb/v7e-m+fp/hard/crtbegin.o
 *(.init)
 .init          0x0000000008002350        0x4 c:/program files (x86)/stm32cubeide_1.10.1/stm32cubeide/plugins/com.st.stm32cube.ide.mcu.externaltools.gnu-tools-for-stm32.10.3-2021.10.win32_1.0.0.202111181127/tools/bin/../lib/gcc/arm-none-eabi/10.3.1/thumb/v7e-m+fp/hard/crti.o
                0x0000000008002350                _init
 .init          0x0000000008002354        0x8 c:/program files (x86)/stm32cubeide_1.10.1/stm32cubeide/plugins/com.st.stm32cube.ide.mcu.externaltools.gnu-tools-for-stm32.10.3-2021.10.win32_1.0.0.202111181127/tools/bin/../lib/gcc/arm-none-eabi/10.3.1/thumb/v7e-m+fp/hard/crtn.o
 *(.fini)
 .fini          0x000000000800235c        0x4 c:/program files (x86)/stm32cubeide_1.10.1/stm32cubeide/plugins/com.st.stm32cube.ide.mcu.externaltools.gnu-tools-for-stm32.10.3-2021.10.win32_1.0.0.202111181127/tools/bin/../lib/gcc/arm-none-eabi/10.3.1/thumb/v7e-m+fp/hard/crti.o
                0x000000000800235c                _fini
 .fini          0x0000000008002360        0x8 c:/program files (x86)/stm32cubeide_1.10.1/stm32cubeide/plugins/com.st.stm32cube.ide.mcu.externaltools.gnu-tools-for-stm32.10.3-2021.10.win32_1.0.0.202111181127/tools/bin/../lib/gcc/arm-none-eabi/10.3.1/thumb/v7e-m+fp/hard/crtn.o
                0x0000000008002368                . = ALIGN (0x4)
                0x0000000008002368                _etext = .

.vfp11_veneer   0x0000000008002368        0x0
 .vfp11_veneer  0x0000000008002368        0x0 linker stubs

.v4_bx          0x0000000008002368        0x0
 .v4_bx         0x0000000008002368        0x0 linker stubs

.iplt           0x0000000008002368        0x0
 .iplt          0x0000000008002368        0x0 c:/program files (x86)/stm32cubeide_1.10.1/stm32cubeide/plugins/com.st.stm32cube.ide.mcu.externaltools.gnu-tools-for-stm32.10.3-2021.10.win32_1.0.0.202111181127/tools/bin/../lib/gcc/arm-none-eabi/10.3.1/thumb/v7e-m+fp/hard/crtbegin.o

.rodata         0x0000000008002368     0x1188
                0x0000000008002368                . = ALIGN (0x4)
 *(.rodata)
 .rodata        0x0000000008002368       0x11 ./Core/Src/main.o
 *(.rodata*)
 *fill*         0x0000000008002379        0x3 
 .rodata.Font11x18
                0x000000000800237c      0xd5c ./Core/Src/fonts.o
                0x000000000800237c                Font11x18
 .rodata.logo   0x00000000080030d8      0x400 ./Core/Src/main.o
                0x00000000080030d8                logo
 .rodata.AHBPrescTable
                0x00000000080034d8       0x10 ./Core/Src/system_stm32f4xx.o
                0x00000000080034d8                AHBPrescTable
 .rodata.APBPrescTable
                0x00000000080034e8        0x8 ./Core/Src/system_stm32f4xx.o
                0x00000000080034e8                APBPrescTable
                0x00000000080034f0                . = ALIGN (0x4)

.ARM.extab      0x00000000080034f0        0x0
                0x00000000080034f0                . = ALIGN (0x4)
 *(.ARM.extab* .gnu.linkonce.armextab.*)
                0x00000000080034f0                . = ALIGN (0x4)

.ARM            0x00000000080034f0        0x8
                0x00000000080034f0                . = ALIGN (0x4)
                0x00000000080034f0                __exidx_start = .
 *(.ARM.exidx*)
 .ARM.exidx     0x00000000080034f0        0x8 c:/program files (x86)/stm32cubeide_1.10.1/stm32cubeide/plugins/com.st.stm32cube.ide.mcu.externaltools.gnu-tools-for-stm32.10.3-2021.10.win32_1.0.0.202111181127/tools/bin/../lib/gcc/arm-none-eabi/10.3.1/thumb/v7e-m+fp/hard\libgcc.a(_udivmoddi4.o)
                0x00000000080034f8                __exidx_end = .
                0x00000000080034f8                . = ALIGN (0x4)

.rel.dyn        0x00000000080034f8        0x0
 .rel.iplt      0x00000000080034f8        0x0 c:/program files (x86)/stm32cubeide_1.10.1/stm32cubeide/plugins/com.st.stm32cube.ide.mcu.externaltools.gnu-tools-for-stm32.10.3-2021.10.win32_1.0.0.202111181127/tools/bin/../lib/gcc/arm-none-eabi/10.3.1/thumb/v7e-m+fp/hard/crtbegin.o

.preinit_array  0x00000000080034f8        0x0
                0x00000000080034f8                . = ALIGN (0x4)
                0x00000000080034f8                PROVIDE (__preinit_array_start = .)
 *(.preinit_array*)
                0x00000000080034f8                PROVIDE (__preinit_array_end = .)
                0x00000000080034f8                . = ALIGN (0x4)

.init_array     0x00000000080034f8        0x4
                0x00000000080034f8                . = ALIGN (0x4)
                0x00000000080034f8                PROVIDE (__init_array_start = .)
 *(SORT_BY_NAME(.init_array.*))
 *(.init_array*)
 .init_array    0x00000000080034f8        0x4 c:/program files (x86)/stm32cubeide_1.10.1/stm32cubeide/plugins/com.st.stm32cube.ide.mcu.externaltools.gnu-tools-for-stm32.10.3-2021.10.win32_1.0.0.202111181127/tools/bin/../lib/gcc/arm-none-eabi/10.3.1/thumb/v7e-m+fp/hard/crtbegin.o
                0x00000000080034fc                PROVIDE (__init_array_end = .)
                0x00000000080034fc                . = ALIGN (0x4)

.fini_array     0x00000000080034fc        0x4
                0x00000000080034fc                . = ALIGN (0x4)
                [!provide]                        PROVIDE (__fini_array_start = .)
 *(SORT_BY_NAME(.fini_array.*))
 *(.fini_array*)
 .fini_array    0x00000000080034fc        0x4 c:/program files (x86)/stm32cubeide_1.10.1/stm32cubeide/plugins/com.st.stm32cube.ide.mcu.externaltools.gnu-tools-for-stm32.10.3-2021.10.win32_1.0.0.202111181127/tools/bin/../lib/gcc/arm-none-eabi/10.3.1/thumb/v7e-m+fp/hard/crtbegin.o
                [!provide]                        PROVIDE (__fini_array_end = .)
                0x0000000008003500                . = ALIGN (0x4)
                0x0000000008003500                _sidata = LOADADDR (.data)

.data           0x0000000020000000       0x14 load address 0x0000000008003500
                0x0000000020000000                . = ALIGN (0x4)
                0x0000000020000000                _sdata = .
 *(.data)
 *(.data*)
 .data.Font_11x18
                0x0000000020000000        0x8 ./Core/Src/fonts.o
                0x0000000020000000                Font_11x18
 .data.SystemCoreClock
                0x0000000020000008        0x4 ./Core/Src/system_stm32f4xx.o
                0x0000000020000008                SystemCoreClock
 .data.uwTickPrio
                0x000000002000000c        0x4 ./Drivers/STM32F4xx_HAL_Driver/Src/stm32f4xx_hal.o
                0x000000002000000c                uwTickPrio
 .data.uwTickFreq
                0x0000000020000010        0x1 ./Drivers/STM32F4xx_HAL_Driver/Src/stm32f4xx_hal.o
                0x0000000020000010                uwTickFreq
 *(.RamFunc)
 *(.RamFunc*)
                0x0000000020000014                . = ALIGN (0x4)
 *fill*         0x0000000020000011        0x3 
                0x0000000020000014                _edata = .

.igot.plt       0x0000000020000014        0x0 load address 0x0000000008003514
 .igot.plt      0x0000000020000014        0x0 c:/program files (x86)/stm32cubeide_1.10.1/stm32cubeide/plugins/com.st.stm32cube.ide.mcu.externaltools.gnu-tools-for-stm32.10.3-2021.10.win32_1.0.0.202111181127/tools/bin/../lib/gcc/arm-none-eabi/10.3.1/thumb/v7e-m+fp/hard/crtbegin.o
                0x0000000020000014                . = ALIGN (0x4)

.bss            0x0000000020000014      0x47c load address 0x0000000008003514
                0x0000000020000014                _sbss = .
                0x0000000020000014                __bss_start__ = _sbss
 *(.bss)
 .bss           0x0000000020000014       0x1c c:/program files (x86)/stm32cubeide_1.10.1/stm32cubeide/plugins/com.st.stm32cube.ide.mcu.externaltools.gnu-tools-for-stm32.10.3-2021.10.win32_1.0.0.202111181127/tools/bin/../lib/gcc/arm-none-eabi/10.3.1/thumb/v7e-m+fp/hard/crtbegin.o
 *(.bss*)
 .bss.SSD1306_Buffer
                0x0000000020000030      0x400 ./Core/Src/SSD1306_OLED.o
 .bss.SSD1306   0x0000000020000430        0x6 ./Core/Src/SSD1306_OLED.o
 *fill*         0x0000000020000436        0x2 
 .bss.hi2c1     0x0000000020000438       0x54 ./Core/Src/main.o
                0x0000000020000438                hi2c1
 .bss.uwTick    0x000000002000048c        0x4 ./Drivers/STM32F4xx_HAL_Driver/Src/stm32f4xx_hal.o
                0x000000002000048c                uwTick
 *(COMMON)
                0x0000000020000490                . = ALIGN (0x4)
                0x0000000020000490                _ebss = .
                0x0000000020000490                __bss_end__ = _ebss

._user_heap_stack
                0x0000000020000490      0x600 load address 0x0000000008003514
                0x0000000020000490                . = ALIGN (0x8)
                [!provide]                        PROVIDE (end = .)
                0x0000000020000490                PROVIDE (_end = .)
                0x0000000020000690                . = (. + _Min_Heap_Size)
 *fill*         0x0000000020000490      0x200 
                0x0000000020000a90                . = (. + _Min_Stack_Size)
 *fill*         0x0000000020000690      0x400 
                0x0000000020000a90                . = ALIGN (0x8)

/DISCARD/
 libc.a(*)
 libm.a(*)
 libgcc.a(*)

.ARM.attributes
                0x0000000000000000       0x30
 *(.ARM.attributes)
 .ARM.attributes
                0x0000000000000000       0x1e c:/program files (x86)/stm32cubeide_1.10.1/stm32cubeide/plugins/com.st.stm32cube.ide.mcu.externaltools.gnu-tools-for-stm32.10.3-2021.10.win32_1.0.0.202111181127/tools/bin/../lib/gcc/arm-none-eabi/10.3.1/thumb/v7e-m+fp/hard/crti.o
 .ARM.attributes
                0x000000000000001e       0x34 c:/program files (x86)/stm32cubeide_1.10.1/stm32cubeide/plugins/com.st.stm32cube.ide.mcu.externaltools.gnu-tools-for-stm32.10.3-2021.10.win32_1.0.0.202111181127/tools/bin/../lib/gcc/arm-none-eabi/10.3.1/thumb/v7e-m+fp/hard/crtbegin.o
 .ARM.attributes
                0x0000000000000052       0x34 ./Core/Src/SSD1306_OLED.o
 .ARM.attributes
                0x0000000000000086       0x34 ./Core/Src/fonts.o
 .ARM.attributes
                0x00000000000000ba       0x34 ./Core/Src/i2c.o
 .ARM.attributes
                0x00000000000000ee       0x34 ./Core/Src/main.o
 .ARM.attributes
                0x0000000000000122       0x34 ./Core/Src/stm32f4xx_hal_msp.o
 .ARM.attributes
                0x0000000000000156       0x34 ./Core/Src/stm32f4xx_it.o
 .ARM.attributes
                0x000000000000018a       0x34 ./Core/Src/system_stm32f4xx.o
 .ARM.attributes
                0x00000000000001be       0x21 ./Core/Startup/startup_stm32f411retx.o
 .ARM.attributes
                0x00000000000001df       0x34 ./Drivers/STM32F4xx_HAL_Driver/Src/stm32f4xx_hal.o
 .ARM.attributes
                0x0000000000000213       0x34 ./Drivers/STM32F4xx_HAL_Driver/Src/stm32f4xx_hal_cortex.o
 .ARM.attributes
                0x0000000000000247       0x34 ./Drivers/STM32F4xx_HAL_Driver/Src/stm32f4xx_hal_gpio.o
 .ARM.attributes
                0x000000000000027b       0x34 ./Drivers/STM32F4xx_HAL_Driver/Src/stm32f4xx_hal_i2c.o
 .ARM.attributes
                0x00000000000002af       0x34 ./Drivers/STM32F4xx_HAL_Driver/Src/stm32f4xx_hal_rcc.o
 .ARM.attributes
                0x00000000000002e3       0x34 c:/program files (x86)/stm32cubeide_1.10.1/stm32cubeide/plugins/com.st.stm32cube.ide.mcu.externaltools.gnu-tools-for-stm32.10.3-2021.10.win32_1.0.0.202111181127/tools/bin/../lib/gcc/arm-none-eabi/10.3.1/../../../../arm-none-eabi/lib/thumb/v7e-m+fp/hard\libc_nano.a(lib_a-init.o)
 .ARM.attributes
                0x0000000000000317       0x34 c:/program files (x86)/stm32cubeide_1.10.1/stm32cubeide/plugins/com.st.stm32cube.ide.mcu.externaltools.gnu-tools-for-stm32.10.3-2021.10.win32_1.0.0.202111181127/tools/bin/../lib/gcc/arm-none-eabi/10.3.1/../../../../arm-none-eabi/lib/thumb/v7e-m+fp/hard\libc_nano.a(lib_a-memset.o)
 .ARM.attributes
                0x000000000000034b       0x1e c:/program files (x86)/stm32cubeide_1.10.1/stm32cubeide/plugins/com.st.stm32cube.ide.mcu.externaltools.gnu-tools-for-stm32.10.3-2021.10.win32_1.0.0.202111181127/tools/bin/../lib/gcc/arm-none-eabi/10.3.1/thumb/v7e-m+fp/hard\libgcc.a(_aeabi_uldivmod.o)
 .ARM.attributes
                0x0000000000000369       0x34 c:/program files (x86)/stm32cubeide_1.10.1/stm32cubeide/plugins/com.st.stm32cube.ide.mcu.externaltools.gnu-tools-for-stm32.10.3-2021.10.win32_1.0.0.202111181127/tools/bin/../lib/gcc/arm-none-eabi/10.3.1/thumb/v7e-m+fp/hard\libgcc.a(_udivmoddi4.o)
 .ARM.attributes
                0x000000000000039d       0x1e c:/program files (x86)/stm32cubeide_1.10.1/stm32cubeide/plugins/com.st.stm32cube.ide.mcu.externaltools.gnu-tools-for-stm32.10.3-2021.10.win32_1.0.0.202111181127/tools/bin/../lib/gcc/arm-none-eabi/10.3.1/thumb/v7e-m+fp/hard\libgcc.a(_dvmd_tls.o)
 .ARM.attributes
                0x00000000000003bb       0x1e c:/program files (x86)/stm32cubeide_1.10.1/stm32cubeide/plugins/com.st.stm32cube.ide.mcu.externaltools.gnu-tools-for-stm32.10.3-2021.10.win32_1.0.0.202111181127/tools/bin/../lib/gcc/arm-none-eabi/10.3.1/thumb/v7e-m+fp/hard/crtn.o
OUTPUT(Nucleo_AMOLED_display_SSD1306.elf elf32-littlearm)
LOAD linker stubs
LOAD c:/program files (x86)/stm32cubeide_1.10.1/stm32cubeide/plugins/com.st.stm32cube.ide.mcu.externaltools.gnu-tools-for-stm32.10.3-2021.10.win32_1.0.0.202111181127/tools/bin/../lib/gcc/arm-none-eabi/10.3.1/../../../../arm-none-eabi/lib/thumb/v7e-m+fp/hard\libc.a
LOAD c:/program files (x86)/stm32cubeide_1.10.1/stm32cubeide/plugins/com.st.stm32cube.ide.mcu.externaltools.gnu-tools-for-stm32.10.3-2021.10.win32_1.0.0.202111181127/tools/bin/../lib/gcc/arm-none-eabi/10.3.1/../../../../arm-none-eabi/lib/thumb/v7e-m+fp/hard\libm.a
LOAD c:/program files (x86)/stm32cubeide_1.10.1/stm32cubeide/plugins/com.st.stm32cube.ide.mcu.externaltools.gnu-tools-for-stm32.10.3-2021.10.win32_1.0.0.202111181127/tools/bin/../lib/gcc/arm-none-eabi/10.3.1/thumb/v7e-m+fp/hard\libgcc.a

.debug_info     0x0000000000000000     0x7e71
 .debug_info    0x0000000000000000      0xbbe ./Core/Src/SSD1306_OLED.o
 .debug_info    0x0000000000000bbe      0x27a ./Core/Src/fonts.o
 .debug_info    0x0000000000000e38      0x538 ./Core/Src/i2c.o
 .debug_info    0x0000000000001370      0xca2 ./Core/Src/main.o
 .debug_info    0x0000000000002012      0xa0b ./Core/Src/stm32f4xx_hal_msp.o
 .debug_info    0x0000000000002a1d      0x121 ./Core/Src/stm32f4xx_it.o
 .debug_info    0x0000000000002b3e      0x54f ./Core/Src/system_stm32f4xx.o
 .debug_info    0x000000000000308d       0x22 ./Core/Startup/startup_stm32f411retx.o
 .debug_info    0x00000000000030af      0x90d ./Drivers/STM32F4xx_HAL_Driver/Src/stm32f4xx_hal.o
 .debug_info    0x00000000000039bc      0xd8b ./Drivers/STM32F4xx_HAL_Driver/Src/stm32f4xx_hal_cortex.o
 .debug_info    0x0000000000004747      0x78e ./Drivers/STM32F4xx_HAL_Driver/Src/stm32f4xx_hal_gpio.o
 .debug_info    0x0000000000004ed5     0x260f ./Drivers/STM32F4xx_HAL_Driver/Src/stm32f4xx_hal_i2c.o
 .debug_info    0x00000000000074e4      0x98d ./Drivers/STM32F4xx_HAL_Driver/Src/stm32f4xx_hal_rcc.o

.debug_abbrev   0x0000000000000000     0x16ef
 .debug_abbrev  0x0000000000000000      0x295 ./Core/Src/SSD1306_OLED.o
 .debug_abbrev  0x0000000000000295      0x111 ./Core/Src/fonts.o
 .debug_abbrev  0x00000000000003a6      0x12e ./Core/Src/i2c.o
 .debug_abbrev  0x00000000000004d4      0x281 ./Core/Src/main.o
 .debug_abbrev  0x0000000000000755      0x194 ./Core/Src/stm32f4xx_hal_msp.o
 .debug_abbrev  0x00000000000008e9       0x74 ./Core/Src/stm32f4xx_it.o
 .debug_abbrev  0x000000000000095d      0x116 ./Core/Src/system_stm32f4xx.o
 .debug_abbrev  0x0000000000000a73       0x12 ./Core/Startup/startup_stm32f411retx.o
 .debug_abbrev  0x0000000000000a85      0x23e ./Drivers/STM32F4xx_HAL_Driver/Src/stm32f4xx_hal.o
 .debug_abbrev  0x0000000000000cc3      0x316 ./Drivers/STM32F4xx_HAL_Driver/Src/stm32f4xx_hal_cortex.o
 .debug_abbrev  0x0000000000000fd9      0x1c4 ./Drivers/STM32F4xx_HAL_Driver/Src/stm32f4xx_hal_gpio.o
 .debug_abbrev  0x000000000000119d      0x2a8 ./Drivers/STM32F4xx_HAL_Driver/Src/stm32f4xx_hal_i2c.o
 .debug_abbrev  0x0000000000001445      0x2aa ./Drivers/STM32F4xx_HAL_Driver/Src/stm32f4xx_hal_rcc.o

.debug_aranges  0x0000000000000000      0x7f8
 .debug_aranges
                0x0000000000000000       0xf8 ./Core/Src/SSD1306_OLED.o
 .debug_aranges
                0x00000000000000f8       0x20 ./Core/Src/fonts.o
 .debug_aranges
                0x0000000000000118       0x38 ./Core/Src/i2c.o
 .debug_aranges
                0x0000000000000150       0x40 ./Core/Src/main.o
 .debug_aranges
                0x0000000000000190       0x30 ./Core/Src/stm32f4xx_hal_msp.o
 .debug_aranges
                0x00000000000001c0       0x60 ./Core/Src/stm32f4xx_it.o
 .debug_aranges
                0x0000000000000220       0x28 ./Core/Src/system_stm32f4xx.o
 .debug_aranges
                0x0000000000000248       0x28 ./Core/Startup/startup_stm32f411retx.o
 .debug_aranges
                0x0000000000000270       0xf0 ./Drivers/STM32F4xx_HAL_Driver/Src/stm32f4xx_hal.o
 .debug_aranges
                0x0000000000000360      0x118 ./Drivers/STM32F4xx_HAL_Driver/Src/stm32f4xx_hal_cortex.o
 .debug_aranges
                0x0000000000000478       0x58 ./Drivers/STM32F4xx_HAL_Driver/Src/stm32f4xx_hal_gpio.o
 .debug_aranges
                0x00000000000004d0      0x2a0 ./Drivers/STM32F4xx_HAL_Driver/Src/stm32f4xx_hal_i2c.o
 .debug_aranges
                0x0000000000000770       0x88 ./Drivers/STM32F4xx_HAL_Driver/Src/stm32f4xx_hal_rcc.o

.debug_ranges   0x0000000000000000      0x748
 .debug_ranges  0x0000000000000000       0xe8 ./Core/Src/SSD1306_OLED.o
 .debug_ranges  0x00000000000000e8       0x10 ./Core/Src/fonts.o
 .debug_ranges  0x00000000000000f8       0x28 ./Core/Src/i2c.o
 .debug_ranges  0x0000000000000120       0x30 ./Core/Src/main.o
 .debug_ranges  0x0000000000000150       0x20 ./Core/Src/stm32f4xx_hal_msp.o
 .debug_ranges  0x0000000000000170       0x50 ./Core/Src/stm32f4xx_it.o
 .debug_ranges  0x00000000000001c0       0x18 ./Core/Src/system_stm32f4xx.o
 .debug_ranges  0x00000000000001d8       0x20 ./Core/Startup/startup_stm32f411retx.o
 .debug_ranges  0x00000000000001f8       0xe0 ./Drivers/STM32F4xx_HAL_Driver/Src/stm32f4xx_hal.o
 .debug_ranges  0x00000000000002d8      0x108 ./Drivers/STM32F4xx_HAL_Driver/Src/stm32f4xx_hal_cortex.o
 .debug_ranges  0x00000000000003e0       0x48 ./Drivers/STM32F4xx_HAL_Driver/Src/stm32f4xx_hal_gpio.o
 .debug_ranges  0x0000000000000428      0x2a8 ./Drivers/STM32F4xx_HAL_Driver/Src/stm32f4xx_hal_i2c.o
 .debug_ranges  0x00000000000006d0       0x78 ./Drivers/STM32F4xx_HAL_Driver/Src/stm32f4xx_hal_rcc.o

.debug_macro    0x0000000000000000    0x15921
 .debug_macro   0x0000000000000000      0x340 ./Core/Src/SSD1306_OLED.o
 .debug_macro   0x0000000000000340      0xa78 ./Core/Src/SSD1306_OLED.o
 .debug_macro   0x0000000000000db8       0x2e ./Core/Src/SSD1306_OLED.o
 .debug_macro   0x0000000000000de6       0x28 ./Core/Src/SSD1306_OLED.o
 .debug_macro   0x0000000000000e0e       0x22 ./Core/Src/SSD1306_OLED.o
 .debug_macro   0x0000000000000e30       0x8e ./Core/Src/SSD1306_OLED.o
 .debug_macro   0x0000000000000ebe       0x51 ./Core/Src/SSD1306_OLED.o
 .debug_macro   0x0000000000000f0f      0x103 ./Core/Src/SSD1306_OLED.o
 .debug_macro   0x0000000000001012       0x6a ./Core/Src/SSD1306_OLED.o
 .debug_macro   0x000000000000107c      0x1df ./Core/Src/SSD1306_OLED.o
 .debug_macro   0x000000000000125b       0x1c ./Core/Src/SSD1306_OLED.o
 .debug_macro   0x0000000000001277       0x22 ./Core/Src/SSD1306_OLED.o
 .debug_macro   0x0000000000001299       0xd9 ./Core/Src/SSD1306_OLED.o
 .debug_macro   0x0000000000001372     0x102d ./Core/Src/SSD1306_OLED.o
 .debug_macro   0x000000000000239f      0x11f ./Core/Src/SSD1306_OLED.o
 .debug_macro   0x00000000000024be     0xb953 ./Core/Src/SSD1306_OLED.o
 .debug_macro   0x000000000000de11       0x6d ./Core/Src/SSD1306_OLED.o
 .debug_macro   0x000000000000de7e      0x295 ./Core/Src/SSD1306_OLED.o
 .debug_macro   0x000000000000e113     0x367e ./Core/Src/SSD1306_OLED.o
 .debug_macro   0x0000000000011791      0x174 ./Core/Src/SSD1306_OLED.o
 .debug_macro   0x0000000000011905       0x5c ./Core/Src/SSD1306_OLED.o
 .debug_macro   0x0000000000011961      0x447 ./Core/Src/SSD1306_OLED.o
 .debug_macro   0x0000000000011da8      0x9fe ./Core/Src/SSD1306_OLED.o
 .debug_macro   0x00000000000127a6      0x115 ./Core/Src/SSD1306_OLED.o
 .debug_macro   0x00000000000128bb      0x11b ./Core/Src/SSD1306_OLED.o
 .debug_macro   0x00000000000129d6       0xa5 ./Core/Src/SSD1306_OLED.o
 .debug_macro   0x0000000000012a7b      0x15f ./Core/Src/SSD1306_OLED.o
 .debug_macro   0x0000000000012bda      0x287 ./Core/Src/SSD1306_OLED.o
 .debug_macro   0x0000000000012e61       0x5f ./Core/Src/SSD1306_OLED.o
 .debug_macro   0x0000000000012ec0      0x236 ./Core/Src/SSD1306_OLED.o
 .debug_macro   0x00000000000130f6      0x132 ./Core/Src/SSD1306_OLED.o
 .debug_macro   0x0000000000013228      0x264 ./Core/Src/SSD1306_OLED.o
 .debug_macro   0x000000000001348c       0x2e ./Core/Src/SSD1306_OLED.o
 .debug_macro   0x00000000000134ba      0x1b5 ./Core/Src/SSD1306_OLED.o
 .debug_macro   0x000000000001366f       0x22 ./Core/Src/SSD1306_OLED.o
 .debug_macro   0x0000000000013691       0xd6 ./Core/Src/SSD1306_OLED.o
 .debug_macro   0x0000000000013767      0x11a ./Core/Src/SSD1306_OLED.o
 .debug_macro   0x0000000000013881       0x85 ./Core/Src/SSD1306_OLED.o
 .debug_macro   0x0000000000013906       0x89 ./Core/Src/SSD1306_OLED.o
 .debug_macro   0x000000000001398f      0x126 ./Core/Src/SSD1306_OLED.o
 .debug_macro   0x0000000000013ab5       0x52 ./Core/Src/SSD1306_OLED.o
 .debug_macro   0x0000000000013b07       0x1e ./Core/Src/SSD1306_OLED.o
 .debug_macro   0x0000000000013b25       0x3c ./Core/Src/SSD1306_OLED.o
 .debug_macro   0x0000000000013b61       0x34 ./Core/Src/SSD1306_OLED.o
 .debug_macro   0x0000000000013b95       0x16 ./Core/Src/SSD1306_OLED.o
 .debug_macro   0x0000000000013bab       0x43 ./Core/Src/SSD1306_OLED.o
 .debug_macro   0x0000000000013bee       0x34 ./Core/Src/SSD1306_OLED.o
 .debug_macro   0x0000000000013c22       0x10 ./Core/Src/SSD1306_OLED.o
 .debug_macro   0x0000000000013c32       0x58 ./Core/Src/SSD1306_OLED.o
 .debug_macro   0x0000000000013c8a       0x71 ./Core/Src/SSD1306_OLED.o
 .debug_macro   0x0000000000013cfb       0x1c ./Core/Src/SSD1306_OLED.o
 .debug_macro   0x0000000000013d17      0x12a ./Core/Src/SSD1306_OLED.o
 .debug_macro   0x0000000000013e41      0x341 ./Core/Src/SSD1306_OLED.o
 .debug_macro   0x0000000000014182       0x10 ./Core/Src/SSD1306_OLED.o
 .debug_macro   0x0000000000014192       0x35 ./Core/Src/SSD1306_OLED.o
 .debug_macro   0x00000000000141c7       0x20 ./Core/Src/SSD1306_OLED.o
 .debug_macro   0x00000000000141e7       0x16 ./Core/Src/SSD1306_OLED.o
 .debug_macro   0x00000000000141fd       0x16 ./Core/Src/SSD1306_OLED.o
 .debug_macro   0x0000000000014213       0x29 ./Core/Src/SSD1306_OLED.o
 .debug_macro   0x000000000001423c       0x16 ./Core/Src/SSD1306_OLED.o
 .debug_macro   0x0000000000014252      0x2a1 ./Core/Src/fonts.o
 .debug_macro   0x00000000000144f3      0x1dd ./Core/Src/i2c.o
 .debug_macro   0x00000000000146d0      0x31a ./Core/Src/main.o
 .debug_macro   0x00000000000149ea      0x1d3 ./Core/Src/stm32f4xx_hal_msp.o
 .debug_macro   0x0000000000014bbd      0x1dd ./Core/Src/stm32f4xx_it.o
 .debug_macro   0x0000000000014d9a      0x1c9 ./Core/Src/system_stm32f4xx.o
 .debug_macro   0x0000000000014f63      0x229 ./Drivers/STM32F4xx_HAL_Driver/Src/stm32f4xx_hal.o
 .debug_macro   0x000000000001518c      0x1c9 ./Drivers/STM32F4xx_HAL_Driver/Src/stm32f4xx_hal_cortex.o
 .debug_macro   0x0000000000015355      0x1cf ./Drivers/STM32F4xx_HAL_Driver/Src/stm32f4xx_hal_gpio.o
 .debug_macro   0x0000000000015524      0x210 ./Drivers/STM32F4xx_HAL_Driver/Src/stm32f4xx_hal_i2c.o
 .debug_macro   0x0000000000015734      0x1ed ./Drivers/STM32F4xx_HAL_Driver/Src/stm32f4xx_hal_rcc.o

.debug_line     0x0000000000000000     0xaf6d
 .debug_line    0x0000000000000000     0x1136 ./Core/Src/SSD1306_OLED.o
 .debug_line    0x0000000000001136      0x951 ./Core/Src/fonts.o
 .debug_line    0x0000000000001a87      0x9da ./Core/Src/i2c.o
 .debug_line    0x0000000000002461      0xa9b ./Core/Src/main.o
 .debug_line    0x0000000000002efc      0x765 ./Core/Src/stm32f4xx_hal_msp.o
 .debug_line    0x0000000000003661      0x7da ./Core/Src/stm32f4xx_it.o
 .debug_line    0x0000000000003e3b      0x799 ./Core/Src/system_stm32f4xx.o
 .debug_line    0x00000000000045d4       0x88 ./Core/Startup/startup_stm32f411retx.o
 .debug_line    0x000000000000465c      0x9ff ./Drivers/STM32F4xx_HAL_Driver/Src/stm32f4xx_hal.o
 .debug_line    0x000000000000505b      0xcae ./Drivers/STM32F4xx_HAL_Driver/Src/stm32f4xx_hal_cortex.o
 .debug_line    0x0000000000005d09      0xb37 ./Drivers/STM32F4xx_HAL_Driver/Src/stm32f4xx_hal_gpio.o
 .debug_line    0x0000000000006840     0x39b4 ./Drivers/STM32F4xx_HAL_Driver/Src/stm32f4xx_hal_i2c.o
 .debug_line    0x000000000000a1f4      0xd79 ./Drivers/STM32F4xx_HAL_Driver/Src/stm32f4xx_hal_rcc.o

.debug_str      0x0000000000000000    0x84e0f
 .debug_str     0x0000000000000000    0x82757 ./Core/Src/SSD1306_OLED.o
                                      0x82a02 (size before relaxing)
 .debug_str     0x0000000000082757       0x8b ./Core/Src/fonts.o
                                      0x823da (size before relaxing)
 .debug_str     0x00000000000827e2      0x19a ./Core/Src/i2c.o
                                      0x7f6bf (size before relaxing)
 .debug_str     0x000000000008297c      0x68d ./Core/Src/main.o
                                      0x82d99 (size before relaxing)
 .debug_str     0x0000000000083009       0xa1 ./Core/Src/stm32f4xx_hal_msp.o
                                      0x7fbba (size before relaxing)
 .debug_str     0x00000000000830aa       0xc9 ./Core/Src/stm32f4xx_it.o
                                      0x7f58b (size before relaxing)
 .debug_str     0x0000000000083173       0xdb ./Core/Src/system_stm32f4xx.o
                                      0x7f6c7 (size before relaxing)
 .debug_str     0x000000000008324e       0x36 ./Core/Startup/startup_stm32f411retx.o
                                         0x85 (size before relaxing)
 .debug_str     0x0000000000083284      0x9b8 ./Drivers/STM32F4xx_HAL_Driver/Src/stm32f4xx_hal.o
                                      0x800f3 (size before relaxing)
 .debug_str     0x0000000000083c3c      0x354 ./Drivers/STM32F4xx_HAL_Driver/Src/stm32f4xx_hal_cortex.o
                                      0x7fe14 (size before relaxing)
 .debug_str     0x0000000000083f90      0x15d ./Drivers/STM32F4xx_HAL_Driver/Src/stm32f4xx_hal_gpio.o
                                      0x7f842 (size before relaxing)
 .debug_str     0x00000000000840ed      0xb0f ./Drivers/STM32F4xx_HAL_Driver/Src/stm32f4xx_hal_i2c.o
                                      0x80685 (size before relaxing)
 .debug_str     0x0000000000084bfc      0x213 ./Drivers/STM32F4xx_HAL_Driver/Src/stm32f4xx_hal_rcc.o
                                      0x7fafb (size before relaxing)

.comment        0x0000000000000000       0x50
 .comment       0x0000000000000000       0x50 ./Core/Src/SSD1306_OLED.o
                                         0x51 (size before relaxing)
 .comment       0x0000000000000050       0x51 ./Core/Src/fonts.o
 .comment       0x0000000000000050       0x51 ./Core/Src/i2c.o
 .comment       0x0000000000000050       0x51 ./Core/Src/main.o
 .comment       0x0000000000000050       0x51 ./Core/Src/stm32f4xx_hal_msp.o
 .comment       0x0000000000000050       0x51 ./Core/Src/stm32f4xx_it.o
 .comment       0x0000000000000050       0x51 ./Core/Src/system_stm32f4xx.o
 .comment       0x0000000000000050       0x51 ./Drivers/STM32F4xx_HAL_Driver/Src/stm32f4xx_hal.o
 .comment       0x0000000000000050       0x51 ./Drivers/STM32F4xx_HAL_Driver/Src/stm32f4xx_hal_cortex.o
 .comment       0x0000000000000050       0x51 ./Drivers/STM32F4xx_HAL_Driver/Src/stm32f4xx_hal_gpio.o
 .comment       0x0000000000000050       0x51 ./Drivers/STM32F4xx_HAL_Driver/Src/stm32f4xx_hal_i2c.o
 .comment       0x0000000000000050       0x51 ./Drivers/STM32F4xx_HAL_Driver/Src/stm32f4xx_hal_rcc.o

.debug_frame    0x0000000000000000     0x1fd0
 .debug_frame   0x0000000000000000      0x410 ./Core/Src/SSD1306_OLED.o
 .debug_frame   0x0000000000000410       0x38 ./Core/Src/fonts.o
 .debug_frame   0x0000000000000448       0xa8 ./Core/Src/i2c.o
 .debug_frame   0x00000000000004f0       0xb0 ./Core/Src/main.o
 .debug_frame   0x00000000000005a0       0x80 ./Core/Src/stm32f4xx_hal_msp.o
 .debug_frame   0x0000000000000620      0x104 ./Core/Src/stm32f4xx_it.o
 .debug_frame   0x0000000000000724       0x58 ./Core/Src/system_stm32f4xx.o
 .debug_frame   0x000000000000077c      0x374 ./Drivers/STM32F4xx_HAL_Driver/Src/stm32f4xx_hal.o
 .debug_frame   0x0000000000000af0      0x498 ./Drivers/STM32F4xx_HAL_Driver/Src/stm32f4xx_hal_cortex.o
 .debug_frame   0x0000000000000f88      0x14c ./Drivers/STM32F4xx_HAL_Driver/Src/stm32f4xx_hal_gpio.o
 .debug_frame   0x00000000000010d4      0xc5c ./Drivers/STM32F4xx_HAL_Driver/Src/stm32f4xx_hal_i2c.o
 .debug_frame   0x0000000000001d30      0x1f4 ./Drivers/STM32F4xx_HAL_Driver/Src/stm32f4xx_hal_rcc.o
 .debug_frame   0x0000000000001f24       0x2c c:/program files (x86)/stm32cubeide_1.10.1/stm32cubeide/plugins/com.st.stm32cube.ide.mcu.externaltools.gnu-tools-for-stm32.10.3-2021.10.win32_1.0.0.202111181127/tools/bin/../lib/gcc/arm-none-eabi/10.3.1/../../../../arm-none-eabi/lib/thumb/v7e-m+fp/hard\libc_nano.a(lib_a-init.o)
 .debug_frame   0x0000000000001f50       0x20 c:/program files (x86)/stm32cubeide_1.10.1/stm32cubeide/plugins/com.st.stm32cube.ide.mcu.externaltools.gnu-tools-for-stm32.10.3-2021.10.win32_1.0.0.202111181127/tools/bin/../lib/gcc/arm-none-eabi/10.3.1/../../../../arm-none-eabi/lib/thumb/v7e-m+fp/hard\libc_nano.a(lib_a-memset.o)
 .debug_frame   0x0000000000001f70       0x2c c:/program files (x86)/stm32cubeide_1.10.1/stm32cubeide/plugins/com.st.stm32cube.ide.mcu.externaltools.gnu-tools-for-stm32.10.3-2021.10.win32_1.0.0.202111181127/tools/bin/../lib/gcc/arm-none-eabi/10.3.1/thumb/v7e-m+fp/hard\libgcc.a(_aeabi_uldivmod.o)
 .debug_frame   0x0000000000001f9c       0x34 c:/program files (x86)/stm32cubeide_1.10.1/stm32cubeide/plugins/com.st.stm32cube.ide.mcu.externaltools.gnu-tools-for-stm32.10.3-2021.10.win32_1.0.0.202111181127/tools/bin/../lib/gcc/arm-none-eabi/10.3.1/thumb/v7e-m+fp/hard\libgcc.a(_udivmoddi4.o)
